2024-10-05 20:56:06.041 - INFO - 20836 - azureml.train.automl._experiment_drivers.driver_utilities.modify_run_configuration:243 - Package azureml-train-automl missing from dependencies file.
2024-10-05 20:56:06.042 - INFO - 20836 - azureml.train.automl._experiment_drivers.driver_utilities.modify_run_configuration:249 - Using pinned version: azureml-train-automl==1.57.0.*
2024-10-05 20:56:06.044 - INFO - 20836 - azureml.train.automl._experiment_drivers.driver_utilities.modify_run_configuration:243 - Package azureml-defaults missing from dependencies file.
2024-10-05 20:56:06.044 - INFO - 20836 - azureml.train.automl._experiment_drivers.driver_utilities.modify_run_configuration:249 - Using pinned version: azureml-defaults==1.57.0.*
2024-10-05 20:56:06.046 - INFO - 20836 - azureml.train.automl._experiment_drivers.driver_utilities.modify_run_configuration:243 - Package pandas missing from dependencies file.
2024-10-05 20:56:06.047 - INFO - 20836 - azureml.train.automl._experiment_drivers.driver_utilities.modify_run_configuration:249 - Using pinned version: pandas==1.3.5
2024-10-05 20:56:06.047 - INFO - 20836 - azureml.train.automl._experiment_drivers.driver_utilities.modify_run_configuration:243 - Package psutil missing from dependencies file.
2024-10-05 20:56:06.047 - INFO - 20836 - azureml.train.automl._experiment_drivers.driver_utilities.modify_run_configuration:249 - Using pinned version: psutil>5.0.0,<6.0.0
2024-10-05 20:56:06.048 - INFO - 20836 - azureml.train.automl._experiment_drivers.driver_utilities.modify_run_configuration:243 - Package scikit-learn missing from dependencies file.
2024-10-05 20:56:06.048 - INFO - 20836 - azureml.train.automl._experiment_drivers.driver_utilities.modify_run_configuration:249 - Using pinned version: scikit-learn==1.5.1
2024-10-05 20:56:06.049 - INFO - 20836 - azureml.train.automl._experiment_drivers.driver_utilities.modify_run_configuration:243 - Package numpy missing from dependencies file.
2024-10-05 20:56:06.050 - INFO - 20836 - azureml.train.automl._experiment_drivers.driver_utilities.modify_run_configuration:249 - Using pinned version: numpy==1.23.5
2024-10-05 20:56:06.051 - INFO - 20836 - azureml.train.automl._experiment_drivers.driver_utilities.modify_run_configuration:243 - Package xgboost missing from dependencies file.
2024-10-05 20:56:06.051 - INFO - 20836 - azureml.train.automl._experiment_drivers.driver_utilities.modify_run_configuration:249 - Using pinned version: xgboost==1.5.2
2024-10-05 20:56:06.052 - INFO - 20836 - azureml.train.automl._experiment_drivers.driver_utilities.modify_run_configuration:243 - Package inference-schema missing from dependencies file.
2024-10-05 20:56:06.052 - INFO - 20836 - azureml.train.automl._experiment_drivers.driver_utilities.modify_run_configuration:243 - Package prophet missing from dependencies file.
2024-10-05 20:56:06.053 - INFO - 20836 - azureml.train.automl._experiment_drivers.driver_utilities.modify_run_configuration:249 - Using pinned version: prophet==1.1.4
2024-10-05 20:56:06.053 - INFO - 20836 - azureml.train.automl._experiment_drivers.driver_utilities.modify_run_configuration:243 - Package holidays missing from dependencies file.
2024-10-05 20:56:06.054 - INFO - 20836 - azureml.train.automl._experiment_drivers.driver_utilities.modify_run_configuration:249 - Using pinned version: holidays==0.29
2024-10-05 20:56:06.054 - INFO - 20836 - azureml.train.automl._experiment_drivers.driver_utilities.modify_run_configuration:243 - Package joblib missing from dependencies file.
2024-10-05 20:56:06.055 - INFO - 20836 - azureml.train.automl._experiment_drivers.driver_utilities.modify_run_configuration:249 - Using pinned version: joblib==1.2.0
2024-10-05 20:56:06.056 - INFO - 20836 - azureml.train.automl._experiment_drivers.driver_utilities.modify_run_configuration:243 - Package setuptools-git missing from dependencies file.
2024-10-05 20:56:06.056 - INFO - 20836 - azureml.train.automl._experiment_drivers.driver_utilities.modify_run_configuration:243 - Package urllib3 missing from dependencies file.
2024-10-05 20:56:06.056 - INFO - 20836 - azureml.train.automl._experiment_drivers.driver_utilities.modify_run_configuration:253 - Using installed version: urllib3==2.2.3
2024-10-05 20:56:06.057 - INFO - 20836 - azureml.train.automl._experiment_drivers.driver_utilities.modify_run_configuration:243 - Package azure-core missing from dependencies file.
2024-10-05 20:56:06.057 - INFO - 20836 - azureml.train.automl._experiment_drivers.driver_utilities.modify_run_configuration:253 - Using installed version: azure-core==1.31.0
2024-10-05 20:56:06.058 - INFO - 20836 - azureml.train.automl._experiment_drivers.driver_utilities.modify_run_configuration:243 - Package boto3 missing from dependencies file.
2024-10-05 20:56:06.058 - INFO - 20836 - azureml.train.automl._experiment_drivers.driver_utilities.modify_run_configuration:249 - Using pinned version: boto3==1.20.19
2024-10-05 20:56:06.059 - INFO - 20836 - azureml.train.automl._experiment_drivers.driver_utilities.modify_run_configuration:243 - Package botocore missing from dependencies file.
2024-10-05 20:56:06.059 - INFO - 20836 - azureml.train.automl._experiment_drivers.driver_utilities.modify_run_configuration:249 - Using pinned version: botocore==1.23.19
2024-10-05 20:56:06.523 - INFO - 20836 - azureml.automl.core.dataset_utilities._save_datasets_to_json:255 - JSON serialization of input of type <class 'NoneType'> is un-supported.
2024-10-05 20:56:06.524 - INFO - 20836 - azureml.automl.core.dataset_utilities._save_datasets_to_json:255 - JSON serialization of input of type <class 'NoneType'> is un-supported.
2024-10-05 20:56:07.706 - INFO - 20836 - azureml.train.automl._experiment_drivers.driver_utilities.validate_input:124 - Start data validation.
2024-10-05 20:56:11.435 - INFO - 20836 - azureml.train.automl._experiment_drivers.driver_utilities.validate_input:137 - Validation service found the data has no errors.
2024-10-05 20:56:11.436 - INFO - 20836 - azureml.train.automl._experiment_drivers.driver_utilities.create_remote_parent_run:381 - Start creating parent run.
2024-10-05 20:56:13.183 - INFO - 20836 - azureml.train.automl._experiment_drivers.driver_utilities.create_remote_parent_run:401 - [ParentRunID:AutoML_ecaecd1f-cba3-4494-a903-0938e1a26dd5] Remote run using input X and y.
2024-10-05 20:56:15.853 - INFO - 20836 - azureml.train.automl._experiment_drivers.driver_utilities.start_remote_run:336 - Starting a snapshot run (snapshot_id : None)
2024-10-05 21:00:14.596 - INFO - 23076 - azureml.train.automl._experiment_drivers.driver_utilities.modify_run_configuration:243 - Package azureml-train-automl missing from dependencies file.
2024-10-05 21:00:14.597 - INFO - 23076 - azureml.train.automl._experiment_drivers.driver_utilities.modify_run_configuration:249 - Using pinned version: azureml-train-automl==1.57.0.*
2024-10-05 21:00:14.597 - INFO - 23076 - azureml.train.automl._experiment_drivers.driver_utilities.modify_run_configuration:243 - Package azureml-defaults missing from dependencies file.
2024-10-05 21:00:14.598 - INFO - 23076 - azureml.train.automl._experiment_drivers.driver_utilities.modify_run_configuration:249 - Using pinned version: azureml-defaults==1.57.0.*
2024-10-05 21:00:14.599 - INFO - 23076 - azureml.train.automl._experiment_drivers.driver_utilities.modify_run_configuration:243 - Package pandas missing from dependencies file.
2024-10-05 21:00:14.600 - INFO - 23076 - azureml.train.automl._experiment_drivers.driver_utilities.modify_run_configuration:249 - Using pinned version: pandas==1.3.5
2024-10-05 21:00:14.602 - INFO - 23076 - azureml.train.automl._experiment_drivers.driver_utilities.modify_run_configuration:243 - Package psutil missing from dependencies file.
2024-10-05 21:00:14.603 - INFO - 23076 - azureml.train.automl._experiment_drivers.driver_utilities.modify_run_configuration:249 - Using pinned version: psutil>5.0.0,<6.0.0
2024-10-05 21:00:14.604 - INFO - 23076 - azureml.train.automl._experiment_drivers.driver_utilities.modify_run_configuration:243 - Package scikit-learn missing from dependencies file.
2024-10-05 21:00:14.605 - INFO - 23076 - azureml.train.automl._experiment_drivers.driver_utilities.modify_run_configuration:249 - Using pinned version: scikit-learn==1.5.1
2024-10-05 21:00:14.606 - INFO - 23076 - azureml.train.automl._experiment_drivers.driver_utilities.modify_run_configuration:243 - Package numpy missing from dependencies file.
2024-10-05 21:00:14.609 - INFO - 23076 - azureml.train.automl._experiment_drivers.driver_utilities.modify_run_configuration:249 - Using pinned version: numpy==1.23.5
2024-10-05 21:00:14.610 - INFO - 23076 - azureml.train.automl._experiment_drivers.driver_utilities.modify_run_configuration:243 - Package xgboost missing from dependencies file.
2024-10-05 21:00:14.630 - INFO - 23076 - azureml.train.automl._experiment_drivers.driver_utilities.modify_run_configuration:249 - Using pinned version: xgboost==1.5.2
2024-10-05 21:00:14.650 - INFO - 23076 - azureml.train.automl._experiment_drivers.driver_utilities.modify_run_configuration:243 - Package inference-schema missing from dependencies file.
2024-10-05 21:00:14.694 - INFO - 23076 - azureml.train.automl._experiment_drivers.driver_utilities.modify_run_configuration:243 - Package prophet missing from dependencies file.
2024-10-05 21:00:15.148 - INFO - 23076 - azureml.train.automl._experiment_drivers.driver_utilities.modify_run_configuration:249 - Using pinned version: prophet==1.1.4
2024-10-05 21:00:15.149 - INFO - 23076 - azureml.train.automl._experiment_drivers.driver_utilities.modify_run_configuration:243 - Package holidays missing from dependencies file.
2024-10-05 21:00:15.149 - INFO - 23076 - azureml.train.automl._experiment_drivers.driver_utilities.modify_run_configuration:249 - Using pinned version: holidays==0.29
2024-10-05 21:00:15.150 - INFO - 23076 - azureml.train.automl._experiment_drivers.driver_utilities.modify_run_configuration:243 - Package joblib missing from dependencies file.
2024-10-05 21:00:15.150 - INFO - 23076 - azureml.train.automl._experiment_drivers.driver_utilities.modify_run_configuration:249 - Using pinned version: joblib==1.2.0
2024-10-05 21:00:15.151 - INFO - 23076 - azureml.train.automl._experiment_drivers.driver_utilities.modify_run_configuration:243 - Package setuptools-git missing from dependencies file.
2024-10-05 21:00:15.151 - INFO - 23076 - azureml.train.automl._experiment_drivers.driver_utilities.modify_run_configuration:243 - Package urllib3 missing from dependencies file.
2024-10-05 21:00:15.181 - INFO - 23076 - azureml.train.automl._experiment_drivers.driver_utilities.modify_run_configuration:253 - Using installed version: urllib3==2.2.3
2024-10-05 21:00:15.616 - INFO - 23076 - azureml.train.automl._experiment_drivers.driver_utilities.modify_run_configuration:243 - Package azure-core missing from dependencies file.
2024-10-05 21:00:15.617 - INFO - 23076 - azureml.train.automl._experiment_drivers.driver_utilities.modify_run_configuration:253 - Using installed version: azure-core==1.31.0
2024-10-05 21:00:15.617 - INFO - 23076 - azureml.train.automl._experiment_drivers.driver_utilities.modify_run_configuration:243 - Package boto3 missing from dependencies file.
2024-10-05 21:00:15.617 - INFO - 23076 - azureml.train.automl._experiment_drivers.driver_utilities.modify_run_configuration:249 - Using pinned version: boto3==1.20.19
2024-10-05 21:00:15.618 - INFO - 23076 - azureml.train.automl._experiment_drivers.driver_utilities.modify_run_configuration:243 - Package botocore missing from dependencies file.
2024-10-05 21:00:15.618 - INFO - 23076 - azureml.train.automl._experiment_drivers.driver_utilities.modify_run_configuration:249 - Using pinned version: botocore==1.23.19
2024-10-05 21:00:16.054 - INFO - 23076 - azureml.automl.core.dataset_utilities._save_datasets_to_json:255 - JSON serialization of input of type <class 'NoneType'> is un-supported.
2024-10-05 21:00:16.056 - INFO - 23076 - azureml.automl.core.dataset_utilities._save_datasets_to_json:255 - JSON serialization of input of type <class 'NoneType'> is un-supported.
2024-10-05 21:00:16.305 - INFO - 23076 - azureml.train.automl._experiment_drivers.driver_utilities.validate_input:124 - Start data validation.
2024-10-05 21:00:19.154 - INFO - 23076 - azureml.train.automl._experiment_drivers.driver_utilities.validate_input:137 - Validation service found the data has no errors.
2024-10-05 21:00:19.155 - INFO - 23076 - azureml.train.automl._experiment_drivers.driver_utilities.create_remote_parent_run:381 - Start creating parent run.
2024-10-05 21:00:20.732 - INFO - 23076 - azureml.train.automl._experiment_drivers.driver_utilities.create_remote_parent_run:401 - [ParentRunID:AutoML_08dc993f-7121-4612-b6b0-0b5b064dccf3] Remote run using input X and y.
2024-10-05 21:00:22.782 - INFO - 23076 - azureml.train.automl._experiment_drivers.driver_utilities.start_remote_run:336 - Starting a snapshot run (snapshot_id : None)
